// Jest Snapshot v1, https://goo.gl/fbAQLP

exports[`SourceFilesView should render correctly 1`] = `
<SourceFilesView
  dbInfo={
    Object {
      "key": "default",
      "name": "test_db",
      "path": "/test",
    }
  }
  files={
    Array [
      Object {
        "file_id": "5a1bd242ca100c1a210b0d3a",
        "name": "/src/hello_world.py",
      },
    ]
  }
  runId={1}
  type="artifacts"
>
  <div
    id="source-files-container"
  >
    <ProgressWrapper
      loading={true}
    >
      <div
        className="table-display"
      >
        <div
          className="table-cell-display gray"
        >
          <i
            className="glyphicon glyphicon-refresh glyphicon-refresh-animate"
          />
           Loading...
        </div>
      </div>
    </ProgressWrapper>
  </div>
</SourceFilesView>
`;

exports[`SourceFilesView should render correctly 2`] = `
<SourceFilesView
  dbInfo={
    Object {
      "key": "default",
      "name": "test_db",
      "path": "/test",
    }
  }
  files={
    Array [
      Object {
        "file_id": "5a1bd242ca100c1a210b0d3a",
        "name": "/src/hello_world.py",
      },
    ]
  }
  runId={1}
  type="artifacts"
>
  <div
    id="source-files-container"
  >
    <ProgressWrapper
      loading={false}
    >
      <div>
        <div
          className="download-all-wrapper clearfix"
        >
          <div
            className="pull-right"
          >
            <Button
              active={false}
              block={false}
              bsClass="btn"
              bsSize="small"
              bsStyle="info"
              disabled={false}
              onClick={[Function]}
              test-attr="down-all-btn"
            >
              <button
                className="btn btn-sm btn-info"
                disabled={false}
                onClick={[Function]}
                test-attr="down-all-btn"
                type="button"
              >
                <i
                  className="glyphicon glyphicon-download-alt"
                />
                Â 
                Download All
              </button>
            </Button>
          </div>
        </div>
        <AccordionWrapper
          accordion={true}
          className="accordion"
          onChange={[Function]}
        >
          <Provider
            accordion={true}
            onChange={[Function]}
          >
            <Consumer>
              <Accordion
                accordion={true}
                className="accordion"
              >
                <div
                  className="accordion"
                  role="tablist"
                >
                  <ReactList
                    axis="y"
                    itemRenderer={[Function]}
                    itemSizeEstimator={[Function]}
                    itemsRenderer={[Function]}
                    length={1}
                    minSize={20}
                    pageSize={10}
                    scrollParentGetter={[Function]}
                    scrollParentViewportSizeGetter={[Function]}
                    threshold={300}
                    type="variable"
                    useStaticSize={false}
                    useTranslate3d={false}
                  >
                    <div
                      style={
                        Object {
                          "height": 51,
                          "position": "relative",
                        }
                      }
                    >
                      <div
                        style={
                          Object {
                            "WebkitTransform": "translate(0px, 0px)",
                            "msTransform": "translate(0px, 0px)",
                            "transform": "translate(0px, 0px)",
                          }
                        }
                      >
                        <div>
                          <FromRenderProps
                            key="5a1bd242ca100c1a210b0d3a"
                            test-attr="acc-item-0"
                            uuid="5a1bd242ca100c1a210b0d3a"
                          >
                            <Consumer>
                              <AccordionItemWrapper
                                accordionStore={
                                  Object {
                                    "accordion": true,
                                    "addItem": [Function],
                                    "items": Array [
                                      Object {
                                        "disabled": false,
                                        "expanded": false,
                                        "uuid": "5a1bd242ca100c1a210b0d3a",
                                      },
                                    ],
                                    "removeItem": [Function],
                                    "setExpanded": [Function],
                                  }
                                }
                                className="accordion__item"
                                disabled={false}
                                expanded={false}
                                hideBodyClassName=""
                                test-attr="acc-item-0"
                                uuid="5a1bd242ca100c1a210b0d3a"
                              >
                                <Provider
                                  uuid="5a1bd242ca100c1a210b0d3a"
                                >
                                  <AccordionItem
                                    accordionStore={
                                      Object {
                                        "accordion": true,
                                        "addItem": [Function],
                                        "items": Array [
                                          Object {
                                            "disabled": false,
                                            "expanded": false,
                                            "uuid": "5a1bd242ca100c1a210b0d3a",
                                          },
                                        ],
                                        "removeItem": [Function],
                                        "setExpanded": [Function],
                                      }
                                    }
                                    className="accordion__item"
                                    disabled={false}
                                    expanded={false}
                                    hideBodyClassName=""
                                    test-attr="acc-item-0"
                                    uuid="5a1bd242ca100c1a210b0d3a"
                                  >
                                    <div
                                      className="accordion__item"
                                      test-attr="acc-item-0"
                                    >
                                      <FromRenderProps
                                        className="accordion__title accordion__title--animated"
                                      >
                                        <Consumer>
                                          <FromRenderProps
                                            accordionStore={
                                              Object {
                                                "accordion": true,
                                                "addItem": [Function],
                                                "items": Array [
                                                  Object {
                                                    "disabled": false,
                                                    "expanded": false,
                                                    "uuid": "5a1bd242ca100c1a210b0d3a",
                                                  },
                                                ],
                                                "removeItem": [Function],
                                                "setExpanded": [Function],
                                              }
                                            }
                                            className="accordion__title accordion__title--animated"
                                          >
                                            <Consumer>
                                              <AccordionItemTitleWrapper
                                                accordionStore={
                                                  Object {
                                                    "accordion": true,
                                                    "addItem": [Function],
                                                    "items": Array [
                                                      Object {
                                                        "disabled": false,
                                                        "expanded": false,
                                                        "uuid": "5a1bd242ca100c1a210b0d3a",
                                                      },
                                                    ],
                                                    "removeItem": [Function],
                                                    "setExpanded": [Function],
                                                  }
                                                }
                                                className="accordion__title accordion__title--animated"
                                                hideBodyClassName=""
                                                itemStore={
                                                  Object {
                                                    "uuid": "5a1bd242ca100c1a210b0d3a",
                                                  }
                                                }
                                              >
                                                <AccordionItemTitle
                                                  accordion={true}
                                                  className="accordion__title accordion__title--animated"
                                                  disabled={false}
                                                  expanded={false}
                                                  hideBodyClassName=""
                                                  setExpanded={[Function]}
                                                  uuid="5a1bd242ca100c1a210b0d3a"
                                                >
                                                  <div
                                                    aria-controls="accordion__body-5a1bd242ca100c1a210b0d3a"
                                                    aria-selected={false}
                                                    className="accordion__title accordion__title--animated"
                                                    disabled={false}
                                                    id="accordion__title-5a1bd242ca100c1a210b0d3a"
                                                    onClick={[Function]}
                                                    onKeyPress={[Function]}
                                                    role="tab"
                                                    tabIndex="0"
                                                  >
                                                    <h5
                                                      className="u-position-relative"
                                                    >
                                                      /src/hello_world.py
                                                      <div
                                                        className="accordion__arrow"
                                                        role="presentation"
                                                      />
                                                    </h5>
                                                    <div>
                                                      /src/hello_world.py
                                                    </div>
                                                  </div>
                                                </AccordionItemTitle>
                                              </AccordionItemTitleWrapper>
                                            </Consumer>
                                          </FromRenderProps>
                                        </Consumer>
                                      </FromRenderProps>
                                      <FromRenderProps>
                                        <Consumer>
                                          <FromRenderProps
                                            accordionStore={
                                              Object {
                                                "accordion": true,
                                                "addItem": [Function],
                                                "items": Array [
                                                  Object {
                                                    "disabled": false,
                                                    "expanded": false,
                                                    "uuid": "5a1bd242ca100c1a210b0d3a",
                                                  },
                                                ],
                                                "removeItem": [Function],
                                                "setExpanded": [Function],
                                              }
                                            }
                                          >
                                            <Consumer>
                                              <AccordionItemBodyWrapper
                                                accordionStore={
                                                  Object {
                                                    "accordion": true,
                                                    "addItem": [Function],
                                                    "items": Array [
                                                      Object {
                                                        "disabled": false,
                                                        "expanded": false,
                                                        "uuid": "5a1bd242ca100c1a210b0d3a",
                                                      },
                                                    ],
                                                    "removeItem": [Function],
                                                    "setExpanded": [Function],
                                                  }
                                                }
                                                className="accordion__body"
                                                hideBodyClassName="accordion__body--hidden"
                                                itemStore={
                                                  Object {
                                                    "uuid": "5a1bd242ca100c1a210b0d3a",
                                                  }
                                                }
                                              >
                                                <AccordionItemBody
                                                  accordion={true}
                                                  className="accordion__body"
                                                  disabled={false}
                                                  expanded={false}
                                                  hideBodyClassName="accordion__body--hidden"
                                                  uuid="5a1bd242ca100c1a210b0d3a"
                                                >
                                                  <div
                                                    aria-hidden={true}
                                                    aria-labelledby="accordion__title-5a1bd242ca100c1a210b0d3a"
                                                    className="accordion__body accordion__body--hidden"
                                                    id="accordion__body-5a1bd242ca100c1a210b0d3a"
                                                    role="tabpanel"
                                                  >
                                                    <div
                                                      className="clearfix"
                                                    >
                                                      <div
                                                        className="pull-left upload-date"
                                                      >
                                                        Upload Date: 
                                                        2017-11-27T08:52:18.562Z
                                                      </div>
                                                      <div
                                                        className="pull-right"
                                                      >
                                                        <Button
                                                          active={false}
                                                          block={false}
                                                          bsClass="btn"
                                                          bsSize="xsmall"
                                                          bsStyle="default"
                                                          disabled={false}
                                                          onClick={[Function]}
                                                          test-attr="down-btn-/src/hello_world.py"
                                                        >
                                                          <button
                                                            className="btn btn-xs btn-default"
                                                            disabled={false}
                                                            onClick={[Function]}
                                                            test-attr="down-btn-/src/hello_world.py"
                                                            type="button"
                                                          >
                                                            <i
                                                              className="glyphicon glyphicon-download-alt"
                                                            />
                                                             Download
                                                          </button>
                                                        </Button>
                                                      </div>
                                                    </div>
                                                    <FilePreview
                                                      dbInfo={
                                                        Object {
                                                          "key": "default",
                                                          "name": "test_db",
                                                          "path": "/test",
                                                        }
                                                      }
                                                      errorMessage=""
                                                      fileId="5a1bd242ca100c1a210b0d3a"
                                                      fileName="/src/hello_world.py"
                                                      isLoading={false}
                                                      sourceFiles={
                                                        Object {
                                                          "5a1bd242ca100c1a210b0d3a": Object {
                                                            "chunkSize": 261120,
                                                            "fileLength": 1646,
                                                            "filepath": "/src/hello_world.py",
                                                            "id": "5a1bd242ca100c1a210b0d3a",
                                                            "uploadDate": "2017-11-27T08:52:18.562Z",
                                                          },
                                                          "5a1bd242ca100c1a210b0d3b": Object {
                                                            "chunkSize": 0,
                                                            "fileLength": 0,
                                                            "filepath": "/src/hello_world_2.py",
                                                            "id": "5a1bd242ca100c1a210b0d3b",
                                                            "uploadDate": "2017-11-27T08:53:18.562Z",
                                                          },
                                                        }
                                                      }
                                                    >
                                                      <div>
                                                        <ProgressWrapper
                                                          loading={false}
                                                        />
                                                      </div>
                                                    </FilePreview>
                                                  </div>
                                                </AccordionItemBody>
                                              </AccordionItemBodyWrapper>
                                            </Consumer>
                                          </FromRenderProps>
                                        </Consumer>
                                      </FromRenderProps>
                                    </div>
                                  </AccordionItem>
                                </Provider>
                              </AccordionItemWrapper>
                            </Consumer>
                          </FromRenderProps>
                        </div>
                      </div>
                    </div>
                  </ReactList>
                </div>
              </Accordion>
            </Consumer>
          </Provider>
        </AccordionWrapper>
      </div>
    </ProgressWrapper>
  </div>
</SourceFilesView>
`;
